0 verbose cli c:\Program Files\nodejs\node.exe c:\Program Files\nodejs\node_modules\npm\bin\npm-cli.js
1 info using npm@10.9.3
2 info using node@v22.19.0
3 silly config load:file:c:\Program Files\nodejs\node_modules\npm\npmrc
4 silly config load:file:C:\Users\zhako\Desktop\Teeth-Tech-CRM-Frontend\.npmrc
5 silly config load:file:C:\Users\zhako\.npmrc
6 silly config load:file:C:\Users\zhako\AppData\Roaming\npm\etc\npmrc
7 verbose title npm view @babel/compat-data@7.29.0 version
8 verbose argv "view" "@babel/compat-data@7.29.0" "version" "--cache" ".npm-cache"
9 verbose logfile logs-max:10 dir:C:\Users\zhako\Desktop\Teeth-Tech-CRM-Frontend\.npm-cache\_logs\2026-07-17T12_09_59_034Z-
10 verbose logfile C:\Users\zhako\Desktop\Teeth-Tech-CRM-Frontend\.npm-cache\_logs\2026-07-17T12_09_59_034Z-debug-0.log
11 silly logfile done cleaning log files
12 http fetch GET 200 https://registry.npmjs.org/npm 759ms
13 http fetch GET 200 https://registry.npmjs.org/@babel%2fcompat-data 879ms (cache miss)
14 verbose cwd C:\Users\zhako\Desktop\Teeth-Tech-CRM-Frontend
15 verbose os Windows_NT 10.0.26200
16 verbose node v22.19.0
17 verbose npm  v10.9.3
18 notice
18 notice New major version of npm available! 10.9.3 -> 12.0.1
18 notice Changelog: https://github.com/npm/cli/releases/tag/v12.0.1
18 notice To update run: npm install -g npm@12.0.1
18 notice  { force: true, [Symbol(proc-log.meta)]: true }
19 verbose exit 0
20 info ok
